TEST LOG 2021/07/15 20:34:51 server.go:36: 129
[Debug]2021/07/15 20:43:09 129
[Debug]2021/07/15 20:43:18 GaoGaiGar, 1626340131000, male
[Debug]2021/07/16 11:18:24 129
